// Jest Snapshot v1, https://goo.gl/fbAQLP

exports[`<Home /> should render Home correctly 1`] = `
<div>
  <home-header-stub></home-header-stub>
  <home-contact-stub></home-contact-stub>
  <div class="flex justify-center py-10 bg-brand-gray">
    <p class="font-medium text-center text-gray-800">feedbacker Â© 2023</p>
  </div>
</div>
`;
